#! /usr/bin/vvp
:ivl_version "11.0 (stable)";
:ivl_delay_selection "TYPICAL";
:vpi_time_precision + 0;
:vpi_module "/usr/lib/x86_64-linux-gnu/ivl/system.vpi";
:vpi_module "/usr/lib/x86_64-linux-gnu/ivl/vhdl_sys.vpi";
:vpi_module "/usr/lib/x86_64-linux-gnu/ivl/vhdl_textio.vpi";
:vpi_module "/usr/lib/x86_64-linux-gnu/ivl/v2005_math.vpi";
:vpi_module "/usr/lib/x86_64-linux-gnu/ivl/va_math.vpi";
S_0x56433937b4a0 .scope module, "Top" "Top" 2 2;
 .timescale 0 0;
    .port_info 0 /INPUT 1 "clk";
    .port_info 1 /INPUT 1 "i_uart_rx";
    .port_info 2 /OUTPUT 1 "o_uart_tx";
P_0x56433937b630 .param/l "BR_BITS" 1 2 11, +C4<00000000000000000000000000000110>;
P_0x56433937b670 .param/l "BR_LIMIT" 1 2 12, +C4<00000000000000000000000000110101>;
P_0x56433937b6b0 .param/l "DATA_LENGTH" 1 2 9, +C4<00000000000000000000000000000101>;
P_0x56433937b6f0 .param/l "DBITS" 1 2 8, +C4<00000000000000000000000000001000>;
P_0x56433937b730 .param/l "FIFO_EXP" 1 2 10, +C4<00000000000000000000000000000010>;
P_0x56433937b770 .param/l "SB_TICK" 1 2 13, +C4<00000000000000000000000000010000>;
v0x5643393c6410_0 .var "CHECKOK", 0 0;
v0x5643393c64f0_0 .var "cin", 0 0;
o0x7f30e64b8288 .functor BUFZ 1, C4<z>; HiZ drive
v0x5643393c65b0_0 .net "clk", 0 0, o0x7f30e64b8288;  0 drivers
v0x5643393c6650_0 .var "counter", 27 0;
v0x5643393c66f0_0 .net "cout", 0 0, L_0x5643393d8070;  1 drivers
o0x7f30e64b88b8 .functor BUFZ 1, C4<z>; HiZ drive
v0x5643393c67e0_0 .net "i_uart_rx", 0 0, o0x7f30e64b88b8;  0 drivers
v0x5643393c6880_0 .var "number1", 7 0;
v0x5643393c6950_0 .var "number2", 7 0;
v0x5643393c6a20_0 .net "o_uart_tx", 0 0, L_0x56433939c4e0;  1 drivers
v0x5643393c6af0_0 .var "reset", 0 0;
v0x5643393c6b90 .array "rx_Data_Buffer", 5 0, 7 0;
v0x5643393c6c30_0 .net "rx_data_out", 7 0, L_0x56433939a850;  1 drivers
v0x5643393c6d00_0 .net "rx_done", 0 0, v0x5643393c4200_0;  1 drivers
v0x5643393c6dd0_0 .var "rx_index", 2 0;
v0x5643393c6e70_0 .var "str_index", 1 0;
v0x5643393c6f10_0 .net "sum", 7 0, L_0x5643393d8160;  1 drivers
v0x5643393c7000_0 .net "tick", 0 0, L_0x5643393d7ee0;  1 drivers
v0x5643393c71b0 .array "tx_Data_Buffer", 40 0, 7 0;
v0x5643393c7250_0 .var "tx_Send", 0 0;
v0x5643393c7320_0 .var "tx_data_in", 7 0;
v0x5643393c73f0_0 .net "tx_done", 0 0, v0x5643393c5ee0_0;  1 drivers
v0x5643393c74c0_0 .var "tx_index", 10 0;
E_0x56433936fc20 .event posedge, v0x5643393c2590_0;
S_0x564339329cf0 .scope module, "BAUD_RATE_GEN" "baud_rate_generator" 2 163, 3 1 0, S_0x56433937b4a0;
 .timescale 0 0;
    .port_info 0 /INPUT 1 "clk";
    .port_info 1 /INPUT 1 "reset";
    .port_info 2 /OUTPUT 1 "tick";
P_0x564339397670 .param/l "M" 0 3 4, +C4<00000000000000000000000000110101>;
P_0x5643393976b0 .param/l "N" 0 3 3, +C4<00000000000000000000000000000110>;
v0x5643393a4570_0 .net *"_ivl_0", 31 0, L_0x5643393c75e0;  1 drivers
L_0x7f30e646f0f0 .functor BUFT 1, C4<000001>, C4<0>, C4<0>, C4<0>;
v0x5643393a4a80_0 .net/2u *"_ivl_10", 5 0, L_0x7f30e646f0f0;  1 drivers
v0x5643393a4f50_0 .net *"_ivl_12", 5 0, L_0x5643393d78f0;  1 drivers
v0x5643393955c0_0 .net *"_ivl_16", 31 0, L_0x5643393d7c20;  1 drivers
L_0x7f30e646f138 .functor BUFT 1, C4<00000000000000000000000000>, C4<0>, C4<0>, C4<0>;
v0x564339395690_0 .net *"_ivl_19", 25 0, L_0x7f30e646f138;  1 drivers
L_0x7f30e646f180 .functor BUFT 1, C4<00000000000000000000000000110100>, C4<0>, C4<0>, C4<0>;
v0x56433935dd00_0 .net/2u *"_ivl_20", 31 0, L_0x7f30e646f180;  1 drivers
v0x56433935ddd0_0 .net *"_ivl_22", 0 0, L_0x5643393d7d60;  1 drivers
L_0x7f30e646f1c8 .functor BUFT 1, C4<1>, C4<0>, C4<0>, C4<0>;
v0x5643393c2070_0 .net/2u *"_ivl_24", 0 0, L_0x7f30e646f1c8;  1 drivers
L_0x7f30e646f210 .functor BUFT 1, C4<0>, C4<0>, C4<0>, C4<0>;
v0x5643393c2150_0 .net/2u *"_ivl_26", 0 0, L_0x7f30e646f210;  1 drivers
L_0x7f30e646f018 .functor BUFT 1, C4<00000000000000000000000000>, C4<0>, C4<0>, C4<0>;
v0x5643393c2230_0 .net *"_ivl_3", 25 0, L_0x7f30e646f018;  1 drivers
L_0x7f30e646f060 .functor BUFT 1, C4<00000000000000000000000000110100>, C4<0>, C4<0>, C4<0>;
v0x5643393c2310_0 .net/2u *"_ivl_4", 31 0, L_0x7f30e646f060;  1 drivers
v0x5643393c23f0_0 .net *"_ivl_6", 0 0, L_0x5643393d7750;  1 drivers
L_0x7f30e646f0a8 .functor BUFT 1, C4<000000>, C4<0>, C4<0>, C4<0>;
v0x5643393c24b0_0 .net/2u *"_ivl_8", 5 0, L_0x7f30e646f0a8;  1 drivers
v0x5643393c2590_0 .net "clk", 0 0, o0x7f30e64b8288;  alias, 0 drivers
v0x5643393c2650_0 .var "counter", 5 0;
v0x5643393c2730_0 .net "next", 5 0, L_0x5643393d7a60;  1 drivers
v0x5643393c2810_0 .net "reset", 0 0, v0x5643393c6af0_0;  1 drivers
v0x5643393c29e0_0 .net "tick", 0 0, L_0x5643393d7ee0;  alias, 1 drivers
E_0x56433936ed70 .event posedge, v0x5643393c2810_0, v0x5643393c2590_0;
L_0x5643393c75e0 .concat [ 6 26 0 0], v0x5643393c2650_0, L_0x7f30e646f018;
L_0x5643393d7750 .cmp/eq 32, L_0x5643393c75e0, L_0x7f30e646f060;
L_0x5643393d78f0 .arith/sum 6, v0x5643393c2650_0, L_0x7f30e646f0f0;
L_0x5643393d7a60 .functor MUXZ 6, L_0x5643393d78f0, L_0x7f30e646f0a8, L_0x5643393d7750, C4<>;
L_0x5643393d7c20 .concat [ 6 26 0 0], v0x5643393c2650_0, L_0x7f30e646f138;
L_0x5643393d7d60 .cmp/eq 32, L_0x5643393d7c20, L_0x7f30e646f180;
L_0x5643393d7ee0 .functor MUXZ 1, L_0x7f30e646f210, L_0x7f30e646f1c8, L_0x5643393d7d60, C4<>;
S_0x5643393c2b20 .scope module, "FA" "fullAdder" 2 185, 4 1 0, S_0x56433937b4a0;
 .timescale 0 0;
    .port_info 0 /INPUT 8 "number1";
    .port_info 1 /INPUT 8 "number2";
    .port_info 2 /INPUT 1 "cin";
    .port_info 3 /OUTPUT 8 "sum";
    .port_info 4 /OUTPUT 1 "cout";
L_0x7f30e646f2a0 .functor BUFT 1, C4<0>, C4<0>, C4<0>, C4<0>;
v0x5643393c2cb0_0 .net *"_ivl_10", 0 0, L_0x7f30e646f2a0;  1 drivers
v0x5643393c2d90_0 .net *"_ivl_11", 8 0, L_0x5643393d8560;  1 drivers
v0x5643393c2e70_0 .net *"_ivl_13", 8 0, L_0x5643393d86a0;  1 drivers
L_0x7f30e646f2e8 .functor BUFT 1, C4<00000000>, C4<0>, C4<0>, C4<0>;
v0x5643393c2f30_0 .net *"_ivl_16", 7 0, L_0x7f30e646f2e8;  1 drivers
v0x5643393c3010_0 .net *"_ivl_17", 8 0, L_0x5643393d8820;  1 drivers
v0x5643393c3140_0 .net *"_ivl_3", 8 0, L_0x5643393d82a0;  1 drivers
L_0x7f30e646f258 .functor BUFT 1, C4<0>, C4<0>, C4<0>, C4<0>;
v0x5643393c3220_0 .net *"_ivl_6", 0 0, L_0x7f30e646f258;  1 drivers
v0x5643393c3300_0 .net *"_ivl_7", 8 0, L_0x5643393d8470;  1 drivers
v0x5643393c33e0_0 .net "cin", 0 0, v0x5643393c64f0_0;  1 drivers
v0x5643393c34a0_0 .net "cout", 0 0, L_0x5643393d8070;  alias, 1 drivers
v0x5643393c3560_0 .net "number1", 7 0, v0x5643393c6880_0;  1 drivers
v0x5643393c3640_0 .net "number2", 7 0, v0x5643393c6950_0;  1 drivers
v0x5643393c3720_0 .net "sum", 7 0, L_0x5643393d8160;  alias, 1 drivers
L_0x5643393d8070 .part L_0x5643393d8820, 8, 1;
L_0x5643393d8160 .part L_0x5643393d8820, 0, 8;
L_0x5643393d82a0 .concat [ 8 1 0 0], v0x5643393c6880_0, L_0x7f30e646f258;
L_0x5643393d8470 .concat [ 8 1 0 0], v0x5643393c6950_0, L_0x7f30e646f2a0;
L_0x5643393d8560 .arith/sum 9, L_0x5643393d82a0, L_0x5643393d8470;
L_0x5643393d86a0 .concat [ 1 8 0 0], v0x5643393c64f0_0, L_0x7f30e646f2e8;
L_0x5643393d8820 .arith/sum 9, L_0x5643393d8560, L_0x5643393d86a0;
S_0x5643393c38a0 .scope module, "UART_RX_UNIT" "Receiver" 2 175, 5 1 0, S_0x56433937b4a0;
 .timescale 0 0;
    .port_info 0 /INPUT 1 "clk";
    .port_info 1 /INPUT 1 "reset";
    .port_info 2 /INPUT 1 "rx";
    .port_info 3 /INPUT 1 "sample_tick";
    .port_info 4 /OUTPUT 1 "data_ready";
    .port_info 5 /OUTPUT 8 "data_out";
P_0x5643393c3a30 .param/l "DBITS" 0 5 3, +C4<00000000000000000000000000001000>;
P_0x5643393c3a70 .param/l "SB_TICK" 0 5 4, +C4<00000000000000000000000000010000>;
P_0x5643393c3ab0 .param/l "data" 1 5 18, C4<10>;
P_0x5643393c3af0 .param/l "idle" 1 5 16, C4<00>;
P_0x5643393c3b30 .param/l "start" 1 5 17, C4<01>;
P_0x5643393c3b70 .param/l "stop" 1 5 19, C4<11>;
L_0x56433939a850 .functor BUFZ 8, v0x5643393c42c0_0, C4<00000000>, C4<00000000>, C4<00000000>;
v0x5643393c3f90_0 .net "clk", 0 0, o0x7f30e64b8288;  alias, 0 drivers
v0x5643393c4050_0 .var "data_next", 7 0;
v0x5643393c4110_0 .net "data_out", 7 0, L_0x56433939a850;  alias, 1 drivers
v0x5643393c4200_0 .var "data_ready", 0 0;
v0x5643393c42c0_0 .var "data_reg", 7 0;
v0x5643393c43f0_0 .var "nbits_next", 3 0;
v0x5643393c44d0_0 .var "nbits_reg", 3 0;
v0x5643393c45b0_0 .var "next_state", 1 0;
v0x5643393c4690_0 .net "reset", 0 0, v0x5643393c6af0_0;  alias, 1 drivers
v0x5643393c4730_0 .net "rx", 0 0, o0x7f30e64b88b8;  alias, 0 drivers
v0x5643393c47d0_0 .net "sample_tick", 0 0, L_0x5643393d7ee0;  alias, 1 drivers
v0x5643393c48a0_0 .var "state", 1 0;
v0x5643393c4960_0 .var "tick_next", 4 0;
v0x5643393c4a40_0 .var "tick_reg", 4 0;
E_0x5643393a5490/0 .event edge, v0x5643393c48a0_0, v0x5643393c4a40_0, v0x5643393c44d0_0, v0x5643393c42c0_0;
E_0x5643393a5490/1 .event edge, v0x5643393c4730_0, v0x5643393c29e0_0;
E_0x5643393a5490 .event/or E_0x5643393a5490/0, E_0x5643393a5490/1;
S_0x5643393c4be0 .scope module, "UART_TX_UNIT" "Transmitter" 2 198, 6 1 0, S_0x56433937b4a0;
 .timescale 0 0;
    .port_info 0 /INPUT 1 "clk";
    .port_info 1 /INPUT 1 "reset";
    .port_info 2 /INPUT 1 "tx_start";
    .port_info 3 /INPUT 1 "sample_tick";
    .port_info 4 /INPUT 8 "data_in";
    .port_info 5 /OUTPUT 1 "tx_done";
    .port_info 6 /OUTPUT 1 "tx";
P_0x5643393c4d70 .param/l "DBITS" 0 6 3, +C4<00000000000000000000000000001000>;
P_0x5643393c4db0 .param/l "SB_TICK" 0 6 4, +C4<00000000000000000000000000010000>;
P_0x5643393c4df0 .param/l "data" 1 6 19, C4<10>;
P_0x5643393c4e30 .param/l "idle" 1 6 17, C4<00>;
P_0x5643393c4e70 .param/l "start" 1 6 18, C4<01>;
P_0x5643393c4eb0 .param/l "stop" 1 6 20, C4<11>;
L_0x56433939c4e0 .functor BUFZ 1, v0x5643393c6060_0, C4<0>, C4<0>, C4<0>;
v0x5643393c5370_0 .net "clk", 0 0, o0x7f30e64b8288;  alias, 0 drivers
v0x5643393c5480_0 .net "data_in", 7 0, v0x5643393c7320_0;  1 drivers
v0x5643393c5560_0 .var "data_next", 7 0;
v0x5643393c5620_0 .var "data_reg", 7 0;
v0x5643393c5700_0 .var "nbits_next", 3 0;
v0x5643393c5830_0 .var "nbits_reg", 3 0;
v0x5643393c5910_0 .var "next_state", 1 0;
v0x5643393c59f0_0 .net "reset", 0 0, v0x5643393c6af0_0;  alias, 1 drivers
v0x5643393c5ae0_0 .net "sample_tick", 0 0, L_0x5643393d7ee0;  alias, 1 drivers
v0x5643393c5b80_0 .var "state", 1 0;
v0x5643393c5c60_0 .var "tick_next", 4 0;
v0x5643393c5d40_0 .var "tick_reg", 4 0;
v0x5643393c5e20_0 .net "tx", 0 0, L_0x56433939c4e0;  alias, 1 drivers
v0x5643393c5ee0_0 .var "tx_done", 0 0;
v0x5643393c5fa0_0 .var "tx_next", 0 0;
v0x5643393c6060_0 .var "tx_reg", 0 0;
v0x5643393c6120_0 .net "tx_start", 0 0, v0x5643393c7250_0;  1 drivers
E_0x5643393a5700/0 .event edge, v0x5643393c5b80_0, v0x5643393c5d40_0, v0x5643393c5830_0, v0x5643393c5620_0;
E_0x5643393a5700/1 .event edge, v0x5643393c6060_0, v0x5643393c6120_0, v0x5643393c5480_0, v0x5643393c29e0_0;
E_0x5643393a5700 .event/or E_0x5643393a5700/0, E_0x5643393a5700/1;
    .scope S_0x564339329cf0;
T_0 ;
    %wait E_0x56433936ed70;
    %load/vec4 v0x5643393c2810_0;
    %flag_set/vec4 8;
    %jmp/0xz  T_0.0, 8;
    %pushi/vec4 0, 0, 6;
    %assign/vec4 v0x5643393c2650_0, 0;
    %jmp T_0.1;
T_0.0 ;
    %load/vec4 v0x5643393c2730_0;
    %assign/vec4 v0x5643393c2650_0, 0;
T_0.1 ;
    %jmp T_0;
    .thread T_0;
    .scope S_0x5643393c38a0;
T_1 ;
    %wait E_0x56433936ed70;
    %load/vec4 v0x5643393c4690_0;
    %flag_set/vec4 8;
    %jmp/0xz  T_1.0, 8;
    %pushi/vec4 0, 0, 2;
    %assign/vec4 v0x5643393c48a0_0, 0;
    %pushi/vec4 0, 0, 5;
    %assign/vec4 v0x5643393c4a40_0, 0;
    %pushi/vec4 0, 0, 4;
    %assign/vec4 v0x5643393c44d0_0, 0;
    %pushi/vec4 0, 0, 8;
    %assign/vec4 v0x5643393c42c0_0, 0;
    %jmp T_1.1;
T_1.0 ;
    %load/vec4 v0x5643393c45b0_0;
    %assign/vec4 v0x5643393c48a0_0, 0;
    %load/vec4 v0x5643393c4960_0;
    %assign/vec4 v0x5643393c4a40_0, 0;
    %load/vec4 v0x5643393c43f0_0;
    %assign/vec4 v0x5643393c44d0_0, 0;
    %load/vec4 v0x5643393c4050_0;
    %assign/vec4 v0x5643393c42c0_0, 0;
T_1.1 ;
    %jmp T_1;
    .thread T_1;
    .scope S_0x5643393c38a0;
T_2 ;
    %wait E_0x5643393a5490;
    %load/vec4 v0x5643393c48a0_0;
    %store/vec4 v0x5643393c45b0_0, 0, 2;
    %pushi/vec4 0, 0, 1;
    %store/vec4 v0x5643393c4200_0, 0, 1;
    %load/vec4 v0x5643393c4a40_0;
    %store/vec4 v0x5643393c4960_0, 0, 5;
    %load/vec4 v0x5643393c44d0_0;
    %store/vec4 v0x5643393c43f0_0, 0, 4;
    %load/vec4 v0x5643393c42c0_0;
    %store/vec4 v0x5643393c4050_0, 0, 8;
    %load/vec4 v0x5643393c48a0_0;
    %dup/vec4;
    %pushi/vec4 0, 0, 2;
    %cmp/u;
    %jmp/1 T_2.0, 6;
    %dup/vec4;
    %pushi/vec4 1, 0, 2;
    %cmp/u;
    %jmp/1 T_2.1, 6;
    %dup/vec4;
    %pushi/vec4 2, 0, 2;
    %cmp/u;
    %jmp/1 T_2.2, 6;
    %dup/vec4;
    %pushi/vec4 3, 0, 2;
    %cmp/u;
    %jmp/1 T_2.3, 6;
    %jmp T_2.4;
T_2.0 ;
    %load/vec4 v0x5643393c4730_0;
    %inv;
    %flag_set/vec4 8;
    %jmp/0xz  T_2.5, 8;
    %pushi/vec4 1, 0, 2;
    %store/vec4 v0x5643393c45b0_0, 0, 2;
    %pushi/vec4 0, 0, 5;
    %store/vec4 v0x5643393c4960_0, 0, 5;
T_2.5 ;
    %jmp T_2.4;
T_2.1 ;
    %load/vec4 v0x5643393c47d0_0;
    %flag_set/vec4 8;
    %jmp/0xz  T_2.7, 8;
    %load/vec4 v0x5643393c4a40_0;
    %pad/u 32;
    %cmpi/e 7, 0, 32;
    %jmp/0xz  T_2.9, 4;
    %pushi/vec4 2, 0, 2;
    %store/vec4 v0x5643393c45b0_0, 0, 2;
    %pushi/vec4 0, 0, 5;
    %store/vec4 v0x5643393c4960_0, 0, 5;
    %pushi/vec4 0, 0, 4;
    %store/vec4 v0x5643393c43f0_0, 0, 4;
    %jmp T_2.10;
T_2.9 ;
    %load/vec4 v0x5643393c4a40_0;
    %addi 1, 0, 5;
    %store/vec4 v0x5643393c4960_0, 0, 5;
T_2.10 ;
T_2.7 ;
    %jmp T_2.4;
T_2.2 ;
    %load/vec4 v0x5643393c47d0_0;
    %flag_set/vec4 8;
    %jmp/0xz  T_2.11, 8;
    %load/vec4 v0x5643393c4a40_0;
    %pad/u 32;
    %cmpi/e 15, 0, 32;
    %jmp/0xz  T_2.13, 4;
    %pushi/vec4 0, 0, 5;
    %store/vec4 v0x5643393c4960_0, 0, 5;
    %load/vec4 v0x5643393c4730_0;
    %load/vec4 v0x5643393c42c0_0;
    %parti/s 7, 1, 2;
    %concat/vec4; draw_concat_vec4
    %store/vec4 v0x5643393c4050_0, 0, 8;
    %load/vec4 v0x5643393c44d0_0;
    %pad/u 32;
    %cmpi/e 7, 0, 32;
    %jmp/0xz  T_2.15, 4;
    %pushi/vec4 3, 0, 2;
    %store/vec4 v0x5643393c45b0_0, 0, 2;
    %jmp T_2.16;
T_2.15 ;
    %load/vec4 v0x5643393c44d0_0;
    %addi 1, 0, 4;
    %store/vec4 v0x5643393c43f0_0, 0, 4;
T_2.16 ;
    %jmp T_2.14;
T_2.13 ;
    %load/vec4 v0x5643393c4a40_0;
    %addi 1, 0, 5;
    %store/vec4 v0x5643393c4960_0, 0, 5;
T_2.14 ;
T_2.11 ;
    %jmp T_2.4;
T_2.3 ;
    %load/vec4 v0x5643393c47d0_0;
    %flag_set/vec4 8;
    %jmp/0xz  T_2.17, 8;
    %load/vec4 v0x5643393c4a40_0;
    %pad/u 32;
    %cmpi/e 15, 0, 32;
    %jmp/0xz  T_2.19, 4;
    %pushi/vec4 0, 0, 2;
    %store/vec4 v0x5643393c45b0_0, 0, 2;
    %pushi/vec4 1, 0, 1;
    %store/vec4 v0x5643393c4200_0, 0, 1;
    %jmp T_2.20;
T_2.19 ;
    %load/vec4 v0x5643393c4a40_0;
    %addi 1, 0, 5;
    %store/vec4 v0x5643393c4960_0, 0, 5;
T_2.20 ;
T_2.17 ;
    %jmp T_2.4;
T_2.4 ;
    %pop/vec4 1;
    %jmp T_2;
    .thread T_2, $push;
    .scope S_0x5643393c4be0;
T_3 ;
    %wait E_0x56433936ed70;
    %load/vec4 v0x5643393c59f0_0;
    %flag_set/vec4 8;
    %jmp/0xz  T_3.0, 8;
    %pushi/vec4 0, 0, 2;
    %assign/vec4 v0x5643393c5b80_0, 0;
    %pushi/vec4 0, 0, 5;
    %assign/vec4 v0x5643393c5d40_0, 0;
    %pushi/vec4 0, 0, 4;
    %assign/vec4 v0x5643393c5830_0, 0;
    %pushi/vec4 0, 0, 8;
    %assign/vec4 v0x5643393c5620_0, 0;
    %pushi/vec4 1, 0, 1;
    %assign/vec4 v0x5643393c6060_0, 0;
    %jmp T_3.1;
T_3.0 ;
    %load/vec4 v0x5643393c5910_0;
    %assign/vec4 v0x5643393c5b80_0, 0;
    %load/vec4 v0x5643393c5c60_0;
    %assign/vec4 v0x5643393c5d40_0, 0;
    %load/vec4 v0x5643393c5700_0;
    %assign/vec4 v0x5643393c5830_0, 0;
    %load/vec4 v0x5643393c5560_0;
    %assign/vec4 v0x5643393c5620_0, 0;
    %load/vec4 v0x5643393c5fa0_0;
    %assign/vec4 v0x5643393c6060_0, 0;
T_3.1 ;
    %jmp T_3;
    .thread T_3;
    .scope S_0x5643393c4be0;
T_4 ;
    %wait E_0x5643393a5700;
    %load/vec4 v0x5643393c5b80_0;
    %store/vec4 v0x5643393c5910_0, 0, 2;
    %pushi/vec4 0, 0, 1;
    %store/vec4 v0x5643393c5ee0_0, 0, 1;
    %load/vec4 v0x5643393c5d40_0;
    %store/vec4 v0x5643393c5c60_0, 0, 5;
    %load/vec4 v0x5643393c5830_0;
    %store/vec4 v0x5643393c5700_0, 0, 4;
    %load/vec4 v0x5643393c5620_0;
    %store/vec4 v0x5643393c5560_0, 0, 8;
    %load/vec4 v0x5643393c6060_0;
    %store/vec4 v0x5643393c5fa0_0, 0, 1;
    %load/vec4 v0x5643393c5b80_0;
    %dup/vec4;
    %pushi/vec4 0, 0, 2;
    %cmp/u;
    %jmp/1 T_4.0, 6;
    %dup/vec4;
    %pushi/vec4 1, 0, 2;
    %cmp/u;
    %jmp/1 T_4.1, 6;
    %dup/vec4;
    %pushi/vec4 2, 0, 2;
    %cmp/u;
    %jmp/1 T_4.2, 6;
    %dup/vec4;
    %pushi/vec4 3, 0, 2;
    %cmp/u;
    %jmp/1 T_4.3, 6;
    %jmp T_4.4;
T_4.0 ;
    %pushi/vec4 1, 0, 1;
    %store/vec4 v0x5643393c5fa0_0, 0, 1;
    %load/vec4 v0x5643393c6120_0;
    %flag_set/vec4 8;
    %jmp/0xz  T_4.5, 8;
    %pushi/vec4 1, 0, 2;
    %store/vec4 v0x5643393c5910_0, 0, 2;
    %pushi/vec4 0, 0, 5;
    %store/vec4 v0x5643393c5c60_0, 0, 5;
    %load/vec4 v0x5643393c5480_0;
    %store/vec4 v0x5643393c5560_0, 0, 8;
T_4.5 ;
    %jmp T_4.4;
T_4.1 ;
    %pushi/vec4 0, 0, 1;
    %store/vec4 v0x5643393c5fa0_0, 0, 1;
    %load/vec4 v0x5643393c5ae0_0;
    %flag_set/vec4 8;
    %jmp/0xz  T_4.7, 8;
    %load/vec4 v0x5643393c5d40_0;
    %pad/u 32;
    %cmpi/e 15, 0, 32;
    %jmp/0xz  T_4.9, 4;
    %pushi/vec4 2, 0, 2;
    %store/vec4 v0x5643393c5910_0, 0, 2;
    %pushi/vec4 0, 0, 5;
    %store/vec4 v0x5643393c5c60_0, 0, 5;
    %pushi/vec4 0, 0, 4;
    %store/vec4 v0x5643393c5700_0, 0, 4;
    %jmp T_4.10;
T_4.9 ;
    %load/vec4 v0x5643393c5d40_0;
    %addi 1, 0, 5;
    %store/vec4 v0x5643393c5c60_0, 0, 5;
T_4.10 ;
T_4.7 ;
    %jmp T_4.4;
T_4.2 ;
    %load/vec4 v0x5643393c5620_0;
    %parti/s 1, 0, 2;
    %store/vec4 v0x5643393c5fa0_0, 0, 1;
    %load/vec4 v0x5643393c5ae0_0;
    %flag_set/vec4 8;
    %jmp/0xz  T_4.11, 8;
    %load/vec4 v0x5643393c5d40_0;
    %pad/u 32;
    %cmpi/e 15, 0, 32;
    %jmp/0xz  T_4.13, 4;
    %pushi/vec4 0, 0, 5;
    %store/vec4 v0x5643393c5c60_0, 0, 5;
    %load/vec4 v0x5643393c5620_0;
    %ix/load 4, 1, 0;
    %flag_set/imm 4, 0;
    %shiftr 4;
    %store/vec4 v0x5643393c5560_0, 0, 8;
    %load/vec4 v0x5643393c5830_0;
    %pad/u 32;
    %cmpi/e 7, 0, 32;
    %jmp/0xz  T_4.15, 4;
    %pushi/vec4 3, 0, 2;
    %store/vec4 v0x5643393c5910_0, 0, 2;
    %jmp T_4.16;
T_4.15 ;
    %load/vec4 v0x5643393c5830_0;
    %addi 1, 0, 4;
    %store/vec4 v0x5643393c5700_0, 0, 4;
T_4.16 ;
    %jmp T_4.14;
T_4.13 ;
    %load/vec4 v0x5643393c5d40_0;
    %addi 1, 0, 5;
    %store/vec4 v0x5643393c5c60_0, 0, 5;
T_4.14 ;
T_4.11 ;
    %jmp T_4.4;
T_4.3 ;
    %pushi/vec4 1, 0, 1;
    %store/vec4 v0x5643393c5fa0_0, 0, 1;
    %load/vec4 v0x5643393c5ae0_0;
    %flag_set/vec4 8;
    %jmp/0xz  T_4.17, 8;
    %load/vec4 v0x5643393c5d40_0;
    %pad/u 32;
    %cmpi/e 15, 0, 32;
    %jmp/0xz  T_4.19, 4;
    %pushi/vec4 0, 0, 2;
    %store/vec4 v0x5643393c5910_0, 0, 2;
    %pushi/vec4 1, 0, 1;
    %store/vec4 v0x5643393c5ee0_0, 0, 1;
    %jmp T_4.20;
T_4.19 ;
    %load/vec4 v0x5643393c5d40_0;
    %addi 1, 0, 5;
    %store/vec4 v0x5643393c5c60_0, 0, 5;
T_4.20 ;
T_4.17 ;
    %jmp T_4.4;
T_4.4 ;
    %pop/vec4 1;
    %jmp T_4;
    .thread T_4, $push;
    .scope S_0x56433937b4a0;
T_5 ;
    %pushi/vec4 0, 0, 1;
    %store/vec4 v0x5643393c64f0_0, 0, 1;
    %pushi/vec4 1, 0, 1;
    %store/vec4 v0x5643393c6af0_0, 0, 1;
    %pushi/vec4 0, 0, 1;
    %store/vec4 v0x5643393c7250_0, 0, 1;
    %pushi/vec4 0, 0, 2;
    %store/vec4 v0x5643393c6e70_0, 0, 2;
    %pushi/vec4 0, 0, 1;
    %store/vec4 v0x5643393c6410_0, 0, 1;
    %end;
    .thread T_5;
    .scope S_0x56433937b4a0;
T_6 ;
    %wait E_0x56433936fc20;
    %pushi/vec4 0, 0, 1;
    %assign/vec4 v0x5643393c6af0_0, 0;
    %jmp T_6;
    .thread T_6;
    .scope S_0x56433937b4a0;
T_7 ;
    %wait E_0x56433936fc20;
    %load/vec4 v0x5643393c6c30_0;
    %pushi/vec4 10, 0, 8;
    %cmp/ne;
    %flag_get/vec4 4;
    %load/vec4 v0x5643393c6d00_0;
    %and;
    %flag_set/vec4 8;
    %jmp/0xz  T_7.0, 8;
    %load/vec4 v0x5643393c6dd0_0;
    %addi 1, 0, 3;
    %assign/vec4 v0x5643393c6dd0_0, 0;
T_7.0 ;
    %load/vec4 v0x5643393c6c30_0;
    %pushi/vec4 13, 0, 8;
    %cmp/e;
    %flag_get/vec4 4;
    %load/vec4 v0x5643393c6d00_0;
    %and;
    %flag_set/vec4 8;
    %load/vec4 v0x5643393c6c30_0;
    %pushi/vec4 10, 0, 8;
    %cmp/e;
    %flag_get/vec4 4;
    %load/vec4 v0x5643393c6d00_0;
    %and;
    %flag_set/vec4 9;
    %flag_or 9, 8;
    %jmp/0xz  T_7.2, 9;
    %load/vec4 v0x5643393c6e70_0;
    %addi 1, 0, 2;
    %assign/vec4 v0x5643393c6e70_0, 0;
T_7.2 ;
    %jmp T_7;
    .thread T_7;
    .scope S_0x56433937b4a0;
T_8 ;
    %wait E_0x56433936fc20;
    %load/vec4 v0x5643393c6c30_0;
    %load/vec4 v0x5643393c6dd0_0;
    %pad/u 4;
    %ix/vec4 3;
    %ix/load 4, 0, 0; Constant delay
    %assign/vec4/a/d v0x5643393c6b90, 0, 4;
    %jmp T_8;
    .thread T_8;
    .scope S_0x56433937b4a0;
T_9 ;
    %wait E_0x56433936fc20;
    %load/vec4 v0x5643393c6e70_0;
    %dup/vec4;
    %pushi/vec4 0, 0, 2;
    %cmp/u;
    %jmp/1 T_9.0, 6;
    %dup/vec4;
    %pushi/vec4 1, 0, 2;
    %cmp/u;
    %jmp/1 T_9.1, 6;
    %dup/vec4;
    %pushi/vec4 2, 0, 2;
    %cmp/u;
    %jmp/1 T_9.2, 6;
    %dup/vec4;
    %pushi/vec4 3, 0, 2;
    %cmp/u;
    %jmp/1 T_9.3, 6;
    %pushi/vec4 0, 0, 8;
    %assign/vec4 v0x5643393c6880_0, 0;
    %pushi/vec4 0, 0, 8;
    %assign/vec4 v0x5643393c6880_0, 0;
    %jmp T_9.5;
T_9.0 ;
    %pushi/vec4 0, 0, 8;
    %assign/vec4 v0x5643393c6880_0, 0;
    %pushi/vec4 0, 0, 8;
    %assign/vec4 v0x5643393c6950_0, 0;
    %jmp T_9.5;
T_9.1 ;
    %ix/load 4, 0, 0;
    %flag_set/imm 4, 0;
    %load/vec4a v0x5643393c6b90, 4;
    %subi 48, 0, 8;
    %muli 100, 0, 8;
    %ix/load 4, 1, 0;
    %flag_set/imm 4, 0;
    %load/vec4a v0x5643393c6b90, 4;
    %subi 48, 0, 8;
    %muli 10, 0, 8;
    %add;
    %ix/load 4, 2, 0;
    %flag_set/imm 4, 0;
    %load/vec4a v0x5643393c6b90, 4;
    %subi 48, 0, 8;
    %add;
    %assign/vec4 v0x5643393c6880_0, 0;
    %pushi/vec4 0, 0, 8;
    %assign/vec4 v0x5643393c6950_0, 0;
    %jmp T_9.5;
T_9.2 ;
    %load/vec4 v0x5643393c6880_0;
    %assign/vec4 v0x5643393c6880_0, 0;
    %ix/load 4, 3, 0;
    %flag_set/imm 4, 0;
    %load/vec4a v0x5643393c6b90, 4;
    %subi 48, 0, 8;
    %muli 100, 0, 8;
    %ix/load 4, 4, 0;
    %flag_set/imm 4, 0;
    %load/vec4a v0x5643393c6b90, 4;
    %subi 48, 0, 8;
    %muli 10, 0, 8;
    %add;
    %ix/load 4, 5, 0;
    %flag_set/imm 4, 0;
    %load/vec4a v0x5643393c6b90, 4;
    %subi 48, 0, 8;
    %add;
    %assign/vec4 v0x5643393c6950_0, 0;
    %pushi/vec4 1, 0, 1;
    %assign/vec4 v0x5643393c6410_0, 0;
    %jmp T_9.5;
T_9.3 ;
    %load/vec4 v0x5643393c6880_0;
    %assign/vec4 v0x5643393c6880_0, 0;
    %load/vec4 v0x5643393c6950_0;
    %assign/vec4 v0x5643393c6950_0, 0;
    %jmp T_9.5;
T_9.5 ;
    %pop/vec4 1;
    %jmp T_9;
    .thread T_9;
    .scope S_0x56433937b4a0;
T_10 ;
    %pushi/vec4 268435200, 0, 28;
    %store/vec4 v0x5643393c6650_0, 0, 28;
    %end;
    .thread T_10;
    .scope S_0x56433937b4a0;
T_11 ;
    %pushi/vec4 78, 0, 8; draw_string_vec4
    %ix/load 4, 0, 0;
    %flag_set/imm 4, 0;
    %store/vec4a v0x5643393c71b0, 4, 0;
    %pushi/vec4 85, 0, 8; draw_string_vec4
    %ix/load 4, 1, 0;
    %flag_set/imm 4, 0;
    %store/vec4a v0x5643393c71b0, 4, 0;
    %pushi/vec4 77, 0, 8; draw_string_vec4
    %ix/load 4, 2, 0;
    %flag_set/imm 4, 0;
    %store/vec4a v0x5643393c71b0, 4, 0;
    %pushi/vec4 66, 0, 8; draw_string_vec4
    %ix/load 4, 3, 0;
    %flag_set/imm 4, 0;
    %store/vec4a v0x5643393c71b0, 4, 0;
    %pushi/vec4 69, 0, 8; draw_string_vec4
    %ix/load 4, 4, 0;
    %flag_set/imm 4, 0;
    %store/vec4a v0x5643393c71b0, 4, 0;
    %pushi/vec4 82, 0, 8; draw_string_vec4
    %ix/load 4, 5, 0;
    %flag_set/imm 4, 0;
    %store/vec4a v0x5643393c71b0, 4, 0;
    %pushi/vec4 49, 0, 8; draw_string_vec4
    %ix/load 4, 6, 0;
    %flag_set/imm 4, 0;
    %store/vec4a v0x5643393c71b0, 4, 0;
    %pushi/vec4 58, 0, 8; draw_string_vec4
    %ix/load 4, 7, 0;
    %flag_set/imm 4, 0;
    %store/vec4a v0x5643393c71b0, 4, 0;
    %pushi/vec4 78, 0, 8; draw_string_vec4
    %ix/load 4, 12, 0;
    %flag_set/imm 4, 0;
    %store/vec4a v0x5643393c71b0, 4, 0;
    %pushi/vec4 85, 0, 8; draw_string_vec4
    %ix/load 4, 13, 0;
    %flag_set/imm 4, 0;
    %store/vec4a v0x5643393c71b0, 4, 0;
    %pushi/vec4 77, 0, 8; draw_string_vec4
    %ix/load 4, 14, 0;
    %flag_set/imm 4, 0;
    %store/vec4a v0x5643393c71b0, 4, 0;
    %pushi/vec4 66, 0, 8; draw_string_vec4
    %ix/load 4, 15, 0;
    %flag_set/imm 4, 0;
    %store/vec4a v0x5643393c71b0, 4, 0;
    %pushi/vec4 69, 0, 8; draw_string_vec4
    %ix/load 4, 16, 0;
    %flag_set/imm 4, 0;
    %store/vec4a v0x5643393c71b0, 4, 0;
    %pushi/vec4 82, 0, 8; draw_string_vec4
    %ix/load 4, 17, 0;
    %flag_set/imm 4, 0;
    %store/vec4a v0x5643393c71b0, 4, 0;
    %pushi/vec4 50, 0, 8; draw_string_vec4
    %ix/load 4, 18, 0;
    %flag_set/imm 4, 0;
    %store/vec4a v0x5643393c71b0, 4, 0;
    %pushi/vec4 58, 0, 8; draw_string_vec4
    %ix/load 4, 19, 0;
    %flag_set/imm 4, 0;
    %store/vec4a v0x5643393c71b0, 4, 0;
    %pushi/vec4 83, 0, 8; draw_string_vec4
    %ix/load 4, 24, 0;
    %flag_set/imm 4, 0;
    %store/vec4a v0x5643393c71b0, 4, 0;
    %pushi/vec4 85, 0, 8; draw_string_vec4
    %ix/load 4, 25, 0;
    %flag_set/imm 4, 0;
    %store/vec4a v0x5643393c71b0, 4, 0;
    %pushi/vec4 77, 0, 8; draw_string_vec4
    %ix/load 4, 26, 0;
    %flag_set/imm 4, 0;
    %store/vec4a v0x5643393c71b0, 4, 0;
    %pushi/vec4 58, 0, 8; draw_string_vec4
    %ix/load 4, 27, 0;
    %flag_set/imm 4, 0;
    %store/vec4a v0x5643393c71b0, 4, 0;
    %pushi/vec4 67, 0, 8; draw_string_vec4
    %ix/load 4, 32, 0;
    %flag_set/imm 4, 0;
    %store/vec4a v0x5643393c71b0, 4, 0;
    %pushi/vec4 79, 0, 8; draw_string_vec4
    %ix/load 4, 33, 0;
    %flag_set/imm 4, 0;
    %store/vec4a v0x5643393c71b0, 4, 0;
    %pushi/vec4 85, 0, 8; draw_string_vec4
    %ix/load 4, 34, 0;
    %flag_set/imm 4, 0;
    %store/vec4a v0x5643393c71b0, 4, 0;
    %pushi/vec4 84, 0, 8; draw_string_vec4
    %ix/load 4, 35, 0;
    %flag_set/imm 4, 0;
    %store/vec4a v0x5643393c71b0, 4, 0;
    %pushi/vec4 58, 0, 8; draw_string_vec4
    %ix/load 4, 36, 0;
    %flag_set/imm 4, 0;
    %store/vec4a v0x5643393c71b0, 4, 0;
    %end;
    .thread T_11;
    .scope S_0x56433937b4a0;
T_12 ;
    %wait E_0x56433936fc20;
    %load/vec4 v0x5643393c6410_0;
    %cmpi/e 1, 0, 1;
    %jmp/0xz  T_12.0, 4;
    %load/vec4 v0x5643393c6650_0;
    %addi 1, 0, 28;
    %assign/vec4 v0x5643393c6650_0, 0;
    %load/vec4 v0x5643393c6880_0;
    %pad/u 32;
    %pushi/vec4 100, 0, 32;
    %div;
    %addi 48, 0, 32;
    %pad/u 8;
    %ix/load 3, 8, 0;
    %flag_set/imm 4, 0;
    %ix/load 4, 0, 0; Constant delay
    %assign/vec4/a/d v0x5643393c71b0, 0, 4;
    %load/vec4 v0x5643393c6880_0;
    %pad/u 32;
    %pushi/vec4 100, 0, 32;
    %mod;
    %pushi/vec4 10, 0, 32;
    %div;
    %addi 48, 0, 32;
    %pad/u 8;
    %ix/load 3, 9, 0;
    %flag_set/imm 4, 0;
    %ix/load 4, 0, 0; Constant delay
    %assign/vec4/a/d v0x5643393c71b0, 0, 4;
    %load/vec4 v0x5643393c6880_0;
    %pad/u 32;
    %pushi/vec4 100, 0, 32;
    %mod;
    %pushi/vec4 10, 0, 32;
    %mod;
    %addi 48, 0, 32;
    %pad/u 8;
    %ix/load 3, 10, 0;
    %flag_set/imm 4, 0;
    %ix/load 4, 0, 0; Constant delay
    %assign/vec4/a/d v0x5643393c71b0, 0, 4;
    %pushi/vec4 32, 0, 8;
    %ix/load 3, 11, 0;
    %flag_set/imm 4, 0;
    %ix/load 4, 0, 0; Constant delay
    %assign/vec4/a/d v0x5643393c71b0, 0, 4;
    %load/vec4 v0x5643393c6950_0;
    %pad/u 32;
    %pushi/vec4 100, 0, 32;
    %div;
    %addi 48, 0, 32;
    %pad/u 8;
    %ix/load 3, 20, 0;
    %flag_set/imm 4, 0;
    %ix/load 4, 0, 0; Constant delay
    %assign/vec4/a/d v0x5643393c71b0, 0, 4;
    %load/vec4 v0x5643393c6950_0;
    %pad/u 32;
    %pushi/vec4 100, 0, 32;
    %mod;
    %pushi/vec4 10, 0, 32;
    %div;
    %addi 48, 0, 32;
    %pad/u 8;
    %ix/load 3, 21, 0;
    %flag_set/imm 4, 0;
    %ix/load 4, 0, 0; Constant delay
    %assign/vec4/a/d v0x5643393c71b0, 0, 4;
    %load/vec4 v0x5643393c6950_0;
    %pad/u 32;
    %pushi/vec4 100, 0, 32;
    %mod;
    %pushi/vec4 10, 0, 32;
    %mod;
    %addi 48, 0, 32;
    %pad/u 8;
    %ix/load 3, 22, 0;
    %flag_set/imm 4, 0;
    %ix/load 4, 0, 0; Constant delay
    %assign/vec4/a/d v0x5643393c71b0, 0, 4;
    %pushi/vec4 32, 0, 8;
    %ix/load 3, 23, 0;
    %flag_set/imm 4, 0;
    %ix/load 4, 0, 0; Constant delay
    %assign/vec4/a/d v0x5643393c71b0, 0, 4;
    %load/vec4 v0x5643393c6f10_0;
    %pad/u 32;
    %pushi/vec4 100, 0, 32;
    %div;
    %addi 48, 0, 32;
    %pad/u 8;
    %ix/load 3, 28, 0;
    %flag_set/imm 4, 0;
    %ix/load 4, 0, 0; Constant delay
    %assign/vec4/a/d v0x5643393c71b0, 0, 4;
    %load/vec4 v0x5643393c6f10_0;
    %pad/u 32;
    %pushi/vec4 100, 0, 32;
    %mod;
    %pushi/vec4 10, 0, 32;
    %div;
    %addi 48, 0, 32;
    %pad/u 8;
    %ix/load 3, 29, 0;
    %flag_set/imm 4, 0;
    %ix/load 4, 0, 0; Constant delay
    %assign/vec4/a/d v0x5643393c71b0, 0, 4;
    %load/vec4 v0x5643393c6f10_0;
    %pad/u 32;
    %pushi/vec4 100, 0, 32;
    %mod;
    %pushi/vec4 10, 0, 32;
    %mod;
    %addi 48, 0, 32;
    %pad/u 8;
    %ix/load 3, 30, 0;
    %flag_set/imm 4, 0;
    %ix/load 4, 0, 0; Constant delay
    %assign/vec4/a/d v0x5643393c71b0, 0, 4;
    %pushi/vec4 32, 0, 8;
    %ix/load 3, 31, 0;
    %flag_set/imm 4, 0;
    %ix/load 4, 0, 0; Constant delay
    %assign/vec4/a/d v0x5643393c71b0, 0, 4;
    %load/vec4 v0x5643393c66f0_0;
    %cmpi/e 1, 0, 1;
    %jmp/0xz  T_12.2, 4;
    %pushi/vec4 49, 0, 8; draw_string_vec4
    %ix/load 3, 37, 0;
    %flag_set/imm 4, 0;
    %ix/load 4, 0, 0; Constant delay
    %assign/vec4/a/d v0x5643393c71b0, 0, 4;
    %jmp T_12.3;
T_12.2 ;
    %pushi/vec4 48, 0, 8; draw_string_vec4
    %ix/load 3, 37, 0;
    %flag_set/imm 4, 0;
    %ix/load 4, 0, 0; Constant delay
    %assign/vec4/a/d v0x5643393c71b0, 0, 4;
T_12.3 ;
T_12.0 ;
    %jmp T_12;
    .thread T_12;
    .scope S_0x56433937b4a0;
T_13 ;
    %wait E_0x56433936fc20;
    %load/vec4 v0x5643393c7250_0;
    %load/vec4 v0x5643393c73f0_0;
    %and;
    %flag_set/vec4 8;
    %jmp/0xz  T_13.0, 8;
    %load/vec4 v0x5643393c74c0_0;
    %addi 1, 0, 11;
    %assign/vec4 v0x5643393c74c0_0, 0;
T_13.0 ;
    %jmp T_13;
    .thread T_13;
    .scope S_0x56433937b4a0;
T_14 ;
    %wait E_0x56433936fc20;
    %ix/getv 4, v0x5643393c74c0_0;
    %load/vec4a v0x5643393c71b0, 4;
    %assign/vec4 v0x5643393c7320_0, 0;
    %jmp T_14;
    .thread T_14;
    .scope S_0x56433937b4a0;
T_15 ;
    %wait E_0x56433936fc20;
    %load/vec4 v0x5643393c6650_0;
    %cmpi/e 268435455, 0, 28;
    %jmp/0xz  T_15.0, 4;
    %pushi/vec4 1, 0, 1;
    %assign/vec4 v0x5643393c7250_0, 0;
T_15.0 ;
    %load/vec4 v0x5643393c7250_0;
    %load/vec4 v0x5643393c73f0_0;
    %and;
    %load/vec4 v0x5643393c74c0_0;
    %pushi/vec4 38, 0, 11;
    %cmp/e;
    %flag_get/vec4 4;
    %and;
    %flag_set/vec4 8;
    %jmp/0xz  T_15.2, 8;
    %pushi/vec4 0, 0, 1;
    %assign/vec4 v0x5643393c7250_0, 0;
T_15.2 ;
    %jmp T_15;
    .thread T_15;
# The file index is used to find the file name in the following table.
:file_names 7;
    "N/A";
    "<interactive>";
    "Top.v";
    "baud_rate_generator.v";
    "fullAdder.v";
    "Receiver.v";
    "Transmitter.v";
